<?xml version="1.0" encoding="UTF-8"?>

<mapGrid>
  <width>20</width>
  <height>20</height>
  <mapObjects>
    <mapObject>
      <posX>2</posX>
      <posY>2</posY>
      <modelId>default.wall</modelId>
    </mapObject>
    <mapObject>
      <posX>2</posX>
      <posY>3</posY>
      <modelId>default.wall</modelId>
    </mapObject>
    <mapObject>
      <posX>3</posX>
      <posY>2</posY>
      <modelId>default.wall</modelId>
    </mapObject>
    <mapObject>
      <posX>3</posX>
      <posY>3</posY>
      <modelId>default.wall</modelId>
    </mapObject>
    <mapObject>
      <posX>4</posX>
      <posY>2</posY>
      <modelId>default.wall</modelId>
    </mapObject>
    <mapObject>
      <posX>4</posX>
      <posY>3</posY>
      <modelId>default.wall</modelId>
    </mapObject>
    <mapObject>
      <posX>5</posX>
      <posY>2</posY>
      <modelId>default.wall</modelId>
    </mapObject>
    <mapObject>
      <posX>5</posX>
      <posY>3</posY>
      <modelId>default.wall</modelId>
    </mapObject>
    <mapObject>
      <posX>6</posX>
      <posY>2</posY>
      <modelId>default.wall</modelId>
    </mapObject>
    <mapObject>
      <posX>6</posX>
      <posY>3</posY>
      <modelId>default.wall</modelId>
    </mapObject>
    <mapObject>
      <posX>7</posX>
      <posY>2</posY>
      <modelId>default.wall</modelId>
    </mapObject>
    <mapObject>
      <posX>7</posX>
      <posY>3</posY>
      <modelId>default.wall</modelId>
    </mapObject>
    <mapObject>
      <posX>8</posX>
      <posY>2</posY>
      <modelId>default.wall</modelId>
    </mapObject>
    <mapObject>
      <posX>8</posX>
      <posY>3</posY>
      <modelId>default.wall</modelId>
    </mapObject>
    <mapObject>
      <posX>9</posX>
      <posY>2</posY>
      <modelId>default.wall</modelId>
    </mapObject>
    <mapObject>
      <posX>9</posX>
      <posY>3</posY>
      <modelId>default.wall</modelId>
    </mapObject>
    <mapObject>
      <posX>10</posX>
      <posY>2</posY>
      <modelId>default.wall</modelId>
    </mapObject>
    <mapObject>
      <posX>10</posX>
      <posY>3</posY>
      <modelId>default.wall</modelId>
    </mapObject>
    <mapObject>
      <posX>11</posX>
      <posY>2</posY>
      <modelId>default.wall</modelId>
    </mapObject>
    <mapObject>
      <posX>11</posX>
      <posY>3</posY>
      <modelId>default.wall</modelId>
    </mapObject>
    <mapObject>
      <posX>12</posX>
      <posY>2</posY>
      <modelId>default.wall</modelId>
    </mapObject>
    <mapObject>
      <posX>12</posX>
      <posY>3</posY>
      <modelId>default.wall</modelId>
    </mapObject>
    <mapObject>
      <posX>13</posX>
      <posY>2</posY>
      <modelId>default.wall</modelId>
    </mapObject>
    <mapObject>
      <posX>13</posX>
      <posY>3</posY>
      <modelId>default.wall</modelId>
    </mapObject>
    <mapObject>
      <posX>14</posX>
      <posY>2</posY>
      <modelId>default.wall</modelId>
    </mapObject>
    <mapObject>
      <posX>14</posX>
      <posY>3</posY>
      <modelId>default.wall</modelId>
    </mapObject>
    <mapObject>
      <posX>15</posX>
      <posY>2</posY>
      <modelId>default.wall</modelId>
    </mapObject>
    <mapObject>
      <posX>15</posX>
      <posY>3</posY>
      <modelId>default.wall</modelId>
    </mapObject>
    <mapObject>
      <posX>16</posX>
      <posY>2</posY>
      <modelId>default.wall</modelId>
    </mapObject>
    <mapObject>
      <posX>16</posX>
      <posY>3</posY>
      <modelId>default.wall</modelId>
    </mapObject>
    <mapObject>
      <posX>17</posX>
      <posY>2</posY>
      <modelId>default.wall</modelId>
    </mapObject>
    <mapObject>
      <posX>17</posX>
      <posY>3</posY>
      <modelId>default.wall</modelId>
    </mapObject>
    <mapObject>
      <posX>2</posX>
      <posY>13</posY>
      <modelId>default.wall</modelId>
    </mapObject>
    <mapObject>
      <posX>2</posX>
      <posY>14</posY>
      <modelId>default.wall</modelId>
    </mapObject>
    <mapObject>
      <posX>2</posX>
      <posY>15</posY>
      <modelId>default.wall</modelId>
    </mapObject>
    <mapObject>
      <posX>3</posX>
      <posY>13</posY>
      <modelId>default.wall</modelId>
    </mapObject>
    <mapObject>
      <posX>3</posX>
      <posY>14</posY>
      <modelId>default.wall</modelId>
    </mapObject>
    <mapObject>
      <posX>3</posX>
      <posY>15</posY>
      <modelId>default.wall</modelId>
    </mapObject>
    <mapObject>
      <posX>4</posX>
      <posY>13</posY>
      <modelId>default.wall</modelId>
    </mapObject>
    <mapObject>
      <posX>4</posX>
      <posY>14</posY>
      <modelId>default.wall</modelId>
    </mapObject>
    <mapObject>
      <posX>4</posX>
      <posY>15</posY>
      <modelId>default.wall</modelId>
    </mapObject>
    <mapObject>
      <posX>5</posX>
      <posY>13</posY>
      <modelId>default.wall</modelId>
    </mapObject>
    <mapObject>
      <posX>5</posX>
      <posY>14</posY>
      <modelId>default.wall</modelId>
    </mapObject>
    <mapObject>
      <posX>5</posX>
      <posY>15</posY>
      <modelId>default.wall</modelId>
    </mapObject>
    <mapObject>
      <posX>6</posX>
      <posY>13</posY>
      <modelId>default.wall</modelId>
    </mapObject>
    <mapObject>
      <posX>6</posX>
      <posY>14</posY>
      <modelId>default.wall</modelId>
    </mapObject>
    <mapObject>
      <posX>6</posX>
      <posY>15</posY>
      <modelId>default.wall</modelId>
    </mapObject>
    <mapObject>
      <posX>7</posX>
      <posY>13</posY>
      <modelId>default.wall</modelId>
    </mapObject>
    <mapObject>
      <posX>7</posX>
      <posY>14</posY>
      <modelId>default.wall</modelId>
    </mapObject>
    <mapObject>
      <posX>7</posX>
      <posY>15</posY>
      <modelId>default.wall</modelId>
    </mapObject>
    <mapObject>
      <posX>8</posX>
      <posY>13</posY>
      <modelId>default.wall</modelId>
    </mapObject>
    <mapObject>
      <posX>8</posX>
      <posY>14</posY>
      <modelId>default.wall</modelId>
    </mapObject>
    <mapObject>
      <posX>8</posX>
      <posY>15</posY>
      <modelId>default.wall</modelId>
    </mapObject>
    <mapObject>
      <posX>9</posX>
      <posY>13</posY>
      <modelId>default.wall</modelId>
    </mapObject>
    <mapObject>
      <posX>9</posX>
      <posY>14</posY>
      <modelId>default.wall</modelId>
    </mapObject>
    <mapObject>
      <posX>9</posX>
      <posY>15</posY>
      <modelId>default.wall</modelId>
    </mapObject>
    <mapObject>
      <posX>10</posX>
      <posY>13</posY>
      <modelId>default.wall</modelId>
    </mapObject>
    <mapObject>
      <posX>10</posX>
      <posY>14</posY>
      <modelId>default.wall</modelId>
    </mapObject>
    <mapObject>
      <posX>10</posX>
      <posY>15</posY>
      <modelId>default.wall</modelId>
    </mapObject>
    <mapObject>
      <posX>11</posX>
      <posY>13</posY>
      <modelId>default.wall</modelId>
    </mapObject>
    <mapObject>
      <posX>11</posX>
      <posY>14</posY>
      <modelId>default.wall</modelId>
    </mapObject>
    <mapObject>
      <posX>11</posX>
      <posY>15</posY>
      <modelId>default.wall</modelId>
    </mapObject>
    <mapObject>
      <posX>12</posX>
      <posY>13</posY>
      <modelId>default.wall</modelId>
    </mapObject>
    <mapObject>
      <posX>12</posX>
      <posY>14</posY>
      <modelId>default.wall</modelId>
    </mapObject>
    <mapObject>
      <posX>12</posX>
      <posY>15</posY>
      <modelId>default.wall</modelId>
    </mapObject>
    <mapObject>
      <posX>13</posX>
      <posY>13</posY>
      <modelId>default.wall</modelId>
    </mapObject>
    <mapObject>
      <posX>13</posX>
      <posY>14</posY>
      <modelId>default.wall</modelId>
    </mapObject>
    <mapObject>
      <posX>13</posX>
      <posY>15</posY>
      <modelId>default.wall</modelId>
    </mapObject>
  </mapObjects>
  <modelList>
    <mapModel>
      <id>default.light</id>
      <foreground>RED</foreground>
      <ch>☆</ch>
      <desc>光源</desc>
      <blocksLineOfSight>false</blocksLineOfSight>
      <blocksLineOfEffect>false</blocksLineOfEffect>
    </mapModel>
    <mapModel>
      <id>default.dooropen</id>
      <foreground>GRAY</foreground>
      <ch>□</ch>
      <desc>打开的门</desc>
      <blocksLineOfSight>false</blocksLineOfSight>
      <blocksLineOfEffect>false</blocksLineOfEffect>
    </mapModel>
    <mapModel>
      <id>default.doorclosed</id>
      <foreground>BLACK</foreground>
      <ch>□</ch>
      <desc>关闭的门</desc>
      <blocksLineOfSight>true</blocksLineOfSight>
      <blocksLineOfEffect>true</blocksLineOfEffect>
    </mapModel>
    <mapModel>
      <id>default.forcefield</id>
      <foreground>SILVER</foreground>
      <ch>■</ch>
      <desc>力场墙</desc>
      <blocksLineOfSight>false</blocksLineOfSight>
      <blocksLineOfEffect>true</blocksLineOfEffect>
    </mapModel>
    <mapModel>
      <id>default.wall</id>
      <foreground>BLACK</foreground>
      <ch>■</ch>
      <desc>墙</desc>
      <blocksLineOfSight>true</blocksLineOfSight>
      <blocksLineOfEffect>true</blocksLineOfEffect>
    </mapModel>
    <mapModel>
      <id>default.trap1</id>
      <background>YELLOW</background>
      <desc>陷阱1</desc>
      <blocksLineOfSight>false</blocksLineOfSight>
      <blocksLineOfEffect>false</blocksLineOfEffect>
    </mapModel>
    <mapModel>
      <id>default.trap2</id>
      <background>BLUE</background>
      <desc>陷阱2</desc>
      <blocksLineOfSight>false</blocksLineOfSight>
      <blocksLineOfEffect>false</blocksLineOfEffect>
    </mapModel>
    <mapModel>
      <id>default.trap3</id>
      <background>GREEN</background>
      <desc>陷阱3</desc>
      <blocksLineOfSight>false</blocksLineOfSight>
      <blocksLineOfEffect>false</blocksLineOfEffect>
    </mapModel>
  </modelList>
  <filterList/>
</mapGrid>
