<?xml version="1.0" encoding="UTF-8"?>

<mapGrid>
  <width>20</width>
  <height>20</height>
  <mapObjects>
    <mapObject>
      <posX>9</posX>
      <posY>9</posY>
      <modelId>1327822898722.1</modelId>
    </mapObject>
    <mapObject>
      <posX>10</posX>
      <posY>9</posY>
      <modelId>1327822898722.1</modelId>
    </mapObject>
    <mapObject>
      <posX>10</posX>
      <posY>10</posY>
      <modelId>1327822898722.1</modelId>
    </mapObject>
    <mapObject>
      <posX>9</posX>
      <posY>10</posY>
      <modelId>1327822898722.1</modelId>
    </mapObject>
    <mapObject>
      <posX>0</posX>
      <posY>0</posY>
      <modelId>1327822212173.1</modelId>
    </mapObject>
    <mapObject>
      <posX>0</posX>
      <posY>1</posY>
      <modelId>1327822212173.1</modelId>
    </mapObject>
    <mapObject>
      <posX>0</posX>
      <posY>2</posY>
      <modelId>1327822212173.1</modelId>
    </mapObject>
    <mapObject>
      <posX>0</posX>
      <posY>3</posY>
      <modelId>1327822212173.1</modelId>
    </mapObject>
    <mapObject>
      <posX>0</posX>
      <posY>4</posY>
      <modelId>1327822212173.1</modelId>
    </mapObject>
    <mapObject>
      <posX>0</posX>
      <posY>5</posY>
      <modelId>1327822212173.1</modelId>
    </mapObject>
    <mapObject>
      <posX>0</posX>
      <posY>6</posY>
      <modelId>1327822212173.1</modelId>
    </mapObject>
    <mapObject>
      <posX>0</posX>
      <posY>7</posY>
      <modelId>1327822212173.1</modelId>
    </mapObject>
    <mapObject>
      <posX>0</posX>
      <posY>8</posY>
      <modelId>1327822212173.1</modelId>
    </mapObject>
    <mapObject>
      <posX>0</posX>
      <posY>9</posY>
      <modelId>1327822212173.1</modelId>
    </mapObject>
    <mapObject>
      <posX>0</posX>
      <posY>10</posY>
      <modelId>1327822212173.1</modelId>
    </mapObject>
    <mapObject>
      <posX>0</posX>
      <posY>11</posY>
      <modelId>1327822212173.1</modelId>
    </mapObject>
    <mapObject>
      <posX>0</posX>
      <posY>12</posY>
      <modelId>1327822212173.1</modelId>
    </mapObject>
    <mapObject>
      <posX>0</posX>
      <posY>13</posY>
      <modelId>1327822212173.1</modelId>
    </mapObject>
    <mapObject>
      <posX>0</posX>
      <posY>14</posY>
      <modelId>1327822212173.1</modelId>
    </mapObject>
    <mapObject>
      <posX>0</posX>
      <posY>15</posY>
      <modelId>1327822212173.1</modelId>
    </mapObject>
    <mapObject>
      <posX>0</posX>
      <posY>16</posY>
      <modelId>1327822212173.1</modelId>
    </mapObject>
    <mapObject>
      <posX>0</posX>
      <posY>17</posY>
      <modelId>1327822212173.1</modelId>
    </mapObject>
    <mapObject>
      <posX>0</posX>
      <posY>18</posY>
      <modelId>1327822212173.1</modelId>
    </mapObject>
    <mapObject>
      <posX>0</posX>
      <posY>19</posY>
      <modelId>1327822212173.1</modelId>
    </mapObject>
    <mapObject>
      <posX>1</posX>
      <posY>19</posY>
      <modelId>1327822212173.1</modelId>
    </mapObject>
    <mapObject>
      <posX>2</posX>
      <posY>19</posY>
      <modelId>1327822212173.1</modelId>
    </mapObject>
    <mapObject>
      <posX>3</posX>
      <posY>19</posY>
      <modelId>1327822212173.1</modelId>
    </mapObject>
    <mapObject>
      <posX>4</posX>
      <posY>19</posY>
      <modelId>1327822212173.1</modelId>
    </mapObject>
    <mapObject>
      <posX>5</posX>
      <posY>19</posY>
      <modelId>1327822212173.1</modelId>
    </mapObject>
    <mapObject>
      <posX>6</posX>
      <posY>19</posY>
      <modelId>1327822212173.1</modelId>
    </mapObject>
    <mapObject>
      <posX>7</posX>
      <posY>19</posY>
      <modelId>1327822212173.1</modelId>
    </mapObject>
    <mapObject>
      <posX>8</posX>
      <posY>19</posY>
      <modelId>1327822212173.1</modelId>
    </mapObject>
    <mapObject>
      <posX>9</posX>
      <posY>19</posY>
      <modelId>1327822212173.1</modelId>
    </mapObject>
    <mapObject>
      <posX>10</posX>
      <posY>19</posY>
      <modelId>1327822212173.1</modelId>
    </mapObject>
    <mapObject>
      <posX>11</posX>
      <posY>19</posY>
      <modelId>1327822212173.1</modelId>
    </mapObject>
    <mapObject>
      <posX>12</posX>
      <posY>19</posY>
      <modelId>1327822212173.1</modelId>
    </mapObject>
    <mapObject>
      <posX>13</posX>
      <posY>19</posY>
      <modelId>1327822212173.1</modelId>
    </mapObject>
    <mapObject>
      <posX>14</posX>
      <posY>19</posY>
      <modelId>1327822212173.1</modelId>
    </mapObject>
    <mapObject>
      <posX>15</posX>
      <posY>19</posY>
      <modelId>1327822212173.1</modelId>
    </mapObject>
    <mapObject>
      <posX>16</posX>
      <posY>19</posY>
      <modelId>1327822212173.1</modelId>
    </mapObject>
    <mapObject>
      <posX>17</posX>
      <posY>19</posY>
      <modelId>1327822212173.1</modelId>
    </mapObject>
    <mapObject>
      <posX>18</posX>
      <posY>19</posY>
      <modelId>1327822212173.1</modelId>
    </mapObject>
    <mapObject>
      <posX>19</posX>
      <posY>19</posY>
      <modelId>1327822212173.1</modelId>
    </mapObject>
    <mapObject>
      <posX>19</posX>
      <posY>0</posY>
      <modelId>1327822212173.1</modelId>
    </mapObject>
    <mapObject>
      <posX>19</posX>
      <posY>1</posY>
      <modelId>1327822212173.1</modelId>
    </mapObject>
    <mapObject>
      <posX>19</posX>
      <posY>2</posY>
      <modelId>1327822212173.1</modelId>
    </mapObject>
    <mapObject>
      <posX>19</posX>
      <posY>3</posY>
      <modelId>1327822212173.1</modelId>
    </mapObject>
    <mapObject>
      <posX>19</posX>
      <posY>4</posY>
      <modelId>1327822212173.1</modelId>
    </mapObject>
    <mapObject>
      <posX>19</posX>
      <posY>5</posY>
      <modelId>1327822212173.1</modelId>
    </mapObject>
    <mapObject>
      <posX>19</posX>
      <posY>6</posY>
      <modelId>1327822212173.1</modelId>
    </mapObject>
    <mapObject>
      <posX>19</posX>
      <posY>7</posY>
      <modelId>1327822212173.1</modelId>
    </mapObject>
    <mapObject>
      <posX>19</posX>
      <posY>8</posY>
      <modelId>1327822212173.1</modelId>
    </mapObject>
    <mapObject>
      <posX>19</posX>
      <posY>9</posY>
      <modelId>1327822212173.1</modelId>
    </mapObject>
    <mapObject>
      <posX>19</posX>
      <posY>10</posY>
      <modelId>1327822212173.1</modelId>
    </mapObject>
    <mapObject>
      <posX>19</posX>
      <posY>11</posY>
      <modelId>1327822212173.1</modelId>
    </mapObject>
    <mapObject>
      <posX>19</posX>
      <posY>12</posY>
      <modelId>1327822212173.1</modelId>
    </mapObject>
    <mapObject>
      <posX>19</posX>
      <posY>13</posY>
      <modelId>1327822212173.1</modelId>
    </mapObject>
    <mapObject>
      <posX>19</posX>
      <posY>14</posY>
      <modelId>1327822212173.1</modelId>
    </mapObject>
    <mapObject>
      <posX>19</posX>
      <posY>15</posY>
      <modelId>1327822212173.1</modelId>
    </mapObject>
    <mapObject>
      <posX>19</posX>
      <posY>16</posY>
      <modelId>1327822212173.1</modelId>
    </mapObject>
    <mapObject>
      <posX>19</posX>
      <posY>17</posY>
      <modelId>1327822212173.1</modelId>
    </mapObject>
    <mapObject>
      <posX>19</posX>
      <posY>18</posY>
      <modelId>1327822212173.1</modelId>
    </mapObject>
    <mapObject>
      <posX>1</posX>
      <posY>0</posY>
      <modelId>1327822212173.1</modelId>
    </mapObject>
    <mapObject>
      <posX>2</posX>
      <posY>0</posY>
      <modelId>1327822212173.1</modelId>
    </mapObject>
    <mapObject>
      <posX>3</posX>
      <posY>0</posY>
      <modelId>1327822212173.1</modelId>
    </mapObject>
    <mapObject>
      <posX>4</posX>
      <posY>0</posY>
      <modelId>1327822212173.1</modelId>
    </mapObject>
    <mapObject>
      <posX>5</posX>
      <posY>0</posY>
      <modelId>1327822212173.1</modelId>
    </mapObject>
    <mapObject>
      <posX>6</posX>
      <posY>0</posY>
      <modelId>1327822212173.1</modelId>
    </mapObject>
    <mapObject>
      <posX>7</posX>
      <posY>0</posY>
      <modelId>1327822212173.1</modelId>
    </mapObject>
    <mapObject>
      <posX>8</posX>
      <posY>0</posY>
      <modelId>1327822212173.1</modelId>
    </mapObject>
    <mapObject>
      <posX>9</posX>
      <posY>0</posY>
      <modelId>1327822212173.1</modelId>
    </mapObject>
    <mapObject>
      <posX>10</posX>
      <posY>0</posY>
      <modelId>1327822212173.1</modelId>
    </mapObject>
    <mapObject>
      <posX>11</posX>
      <posY>0</posY>
      <modelId>1327822212173.1</modelId>
    </mapObject>
    <mapObject>
      <posX>12</posX>
      <posY>0</posY>
      <modelId>1327822212173.1</modelId>
    </mapObject>
    <mapObject>
      <posX>13</posX>
      <posY>0</posY>
      <modelId>1327822212173.1</modelId>
    </mapObject>
    <mapObject>
      <posX>14</posX>
      <posY>0</posY>
      <modelId>1327822212173.1</modelId>
    </mapObject>
    <mapObject>
      <posX>15</posX>
      <posY>0</posY>
      <modelId>1327822212173.1</modelId>
    </mapObject>
    <mapObject>
      <posX>16</posX>
      <posY>0</posY>
      <modelId>1327822212173.1</modelId>
    </mapObject>
    <mapObject>
      <posX>17</posX>
      <posY>0</posY>
      <modelId>1327822212173.1</modelId>
    </mapObject>
    <mapObject>
      <posX>18</posX>
      <posY>0</posY>
      <modelId>1327822212173.1</modelId>
    </mapObject>
    <mapObject>
      <posX>4</posX>
      <posY>4</posY>
      <modelId>1327822212173.1</modelId>
    </mapObject>
    <mapObject>
      <posX>4</posX>
      <posY>5</posY>
      <modelId>1327822212173.1</modelId>
    </mapObject>
    <mapObject>
      <posX>4</posX>
      <posY>6</posY>
      <modelId>1327822212173.1</modelId>
    </mapObject>
    <mapObject>
      <posX>5</posX>
      <posY>4</posY>
      <modelId>1327822212173.1</modelId>
    </mapObject>
    <mapObject>
      <posX>5</posX>
      <posY>5</posY>
      <modelId>1327822212173.1</modelId>
    </mapObject>
    <mapObject>
      <posX>5</posX>
      <posY>6</posY>
      <modelId>1327822212173.1</modelId>
    </mapObject>
    <mapObject>
      <posX>6</posX>
      <posY>4</posY>
      <modelId>1327822212173.1</modelId>
    </mapObject>
    <mapObject>
      <posX>6</posX>
      <posY>5</posY>
      <modelId>1327822212173.1</modelId>
    </mapObject>
    <mapObject>
      <posX>6</posX>
      <posY>6</posY>
      <modelId>1327822212173.1</modelId>
    </mapObject>
    <mapObject>
      <posX>13</posX>
      <posY>4</posY>
      <modelId>1327822212173.1</modelId>
    </mapObject>
    <mapObject>
      <posX>13</posX>
      <posY>5</posY>
      <modelId>1327822212173.1</modelId>
    </mapObject>
    <mapObject>
      <posX>13</posX>
      <posY>6</posY>
      <modelId>1327822212173.1</modelId>
    </mapObject>
    <mapObject>
      <posX>14</posX>
      <posY>4</posY>
      <modelId>1327822212173.1</modelId>
    </mapObject>
    <mapObject>
      <posX>14</posX>
      <posY>5</posY>
      <modelId>1327822212173.1</modelId>
    </mapObject>
    <mapObject>
      <posX>14</posX>
      <posY>6</posY>
      <modelId>1327822212173.1</modelId>
    </mapObject>
    <mapObject>
      <posX>15</posX>
      <posY>4</posY>
      <modelId>1327822212173.1</modelId>
    </mapObject>
    <mapObject>
      <posX>15</posX>
      <posY>5</posY>
      <modelId>1327822212173.1</modelId>
    </mapObject>
    <mapObject>
      <posX>15</posX>
      <posY>6</posY>
      <modelId>1327822212173.1</modelId>
    </mapObject>
    <mapObject>
      <posX>4</posX>
      <posY>13</posY>
      <modelId>1327822212173.1</modelId>
    </mapObject>
    <mapObject>
      <posX>4</posX>
      <posY>14</posY>
      <modelId>1327822212173.1</modelId>
    </mapObject>
    <mapObject>
      <posX>4</posX>
      <posY>15</posY>
      <modelId>1327822212173.1</modelId>
    </mapObject>
    <mapObject>
      <posX>5</posX>
      <posY>13</posY>
      <modelId>1327822212173.1</modelId>
    </mapObject>
    <mapObject>
      <posX>5</posX>
      <posY>14</posY>
      <modelId>1327822212173.1</modelId>
    </mapObject>
    <mapObject>
      <posX>5</posX>
      <posY>15</posY>
      <modelId>1327822212173.1</modelId>
    </mapObject>
    <mapObject>
      <posX>6</posX>
      <posY>13</posY>
      <modelId>1327822212173.1</modelId>
    </mapObject>
    <mapObject>
      <posX>6</posX>
      <posY>14</posY>
      <modelId>1327822212173.1</modelId>
    </mapObject>
    <mapObject>
      <posX>6</posX>
      <posY>15</posY>
      <modelId>1327822212173.1</modelId>
    </mapObject>
    <mapObject>
      <posX>13</posX>
      <posY>13</posY>
      <modelId>1327822212173.1</modelId>
    </mapObject>
    <mapObject>
      <posX>13</posX>
      <posY>14</posY>
      <modelId>1327822212173.1</modelId>
    </mapObject>
    <mapObject>
      <posX>13</posX>
      <posY>15</posY>
      <modelId>1327822212173.1</modelId>
    </mapObject>
    <mapObject>
      <posX>14</posX>
      <posY>13</posY>
      <modelId>1327822212173.1</modelId>
    </mapObject>
    <mapObject>
      <posX>14</posX>
      <posY>14</posY>
      <modelId>1327822212173.1</modelId>
    </mapObject>
    <mapObject>
      <posX>14</posX>
      <posY>15</posY>
      <modelId>1327822212173.1</modelId>
    </mapObject>
    <mapObject>
      <posX>15</posX>
      <posY>13</posY>
      <modelId>1327822212173.1</modelId>
    </mapObject>
    <mapObject>
      <posX>15</posX>
      <posY>14</posY>
      <modelId>1327822212173.1</modelId>
    </mapObject>
    <mapObject>
      <posX>15</posX>
      <posY>15</posY>
      <modelId>1327822212173.1</modelId>
    </mapObject>
  </mapObjects>
  <modelList>
    <mapModel>
      <id>1327822898722.1</id>
      <foreground>RED</foreground>
      <ch>火</ch>
      <desc>火盆</desc>
      <blocksLineOfSight>false</blocksLineOfSight>
      <blocksLineOfEffect>false</blocksLineOfEffect>
    </mapModel>
    <mapModel>
      <id>1327822212173.1</id>
      <foreground>BLACK</foreground>
      <ch>■</ch>
      <desc>墙</desc>
      <blocksLineOfSight>true</blocksLineOfSight>
      <blocksLineOfEffect>true</blocksLineOfEffect>
    </mapModel>
    <mapModel>
      <id>1327822212173.2</id>
      <foreground>SILVER</foreground>
      <ch>■</ch>
      <desc>力场墙</desc>
      <blocksLineOfSight>false</blocksLineOfSight>
      <blocksLineOfEffect>true</blocksLineOfEffect>
    </mapModel>
    <mapModel>
      <id>1327822212173.3</id>
      <foreground>GRAY</foreground>
      <ch>□</ch>
      <desc>打开的门</desc>
      <blocksLineOfSight>false</blocksLineOfSight>
      <blocksLineOfEffect>false</blocksLineOfEffect>
    </mapModel>
    <mapModel>
      <id>1327822212173.4</id>
      <foreground>BLACK</foreground>
      <ch>□</ch>
      <desc>关闭的门</desc>
      <blocksLineOfSight>true</blocksLineOfSight>
      <blocksLineOfEffect>true</blocksLineOfEffect>
    </mapModel>
  </modelList>
  <filterList>
    <mapFilter>
      <type>可视范围滤镜</type>
      <params>火|10</params>
    </mapFilter>
    <mapFilter>
      <type>坐标滤镜</type>
      <params></params>
    </mapFilter>
  </filterList>
</mapGrid>
