<?xml version="1.0" encoding="UTF-8"?>

<mapGrid>
  <width>20</width>
  <height>20</height>
  <mapObjects>
    <mapObject>
      <posX>7</posX>
      <posY>3</posY>
      <modelId>1328102866343.1</modelId>
    </mapObject>
    <mapObject>
      <posX>8</posX>
      <posY>4</posY>
      <modelId>1328102874900.1</modelId>
    </mapObject>
    <mapObject>
      <posX>9</posX>
      <posY>5</posY>
      <modelId>1328102880855.1</modelId>
    </mapObject>
    <mapObject>
      <posX>7</posX>
      <posY>6</posY>
      <modelId>1328102885893.1</modelId>
    </mapObject>
    <mapObject>
      <posX>7</posX>
      <posY>2</posY>
      <modelId>1328102903522.1</modelId>
    </mapObject>
    <mapObject>
      <posX>7</posX>
      <posY>3</posY>
      <modelId>1328102903522.1</modelId>
    </mapObject>
    <mapObject>
      <posX>7</posX>
      <posY>4</posY>
      <modelId>1328102903522.1</modelId>
    </mapObject>
    <mapObject>
      <posX>8</posX>
      <posY>2</posY>
      <modelId>1328102903522.1</modelId>
    </mapObject>
    <mapObject>
      <posX>8</posX>
      <posY>4</posY>
      <modelId>1328102903522.1</modelId>
    </mapObject>
    <mapObject>
      <posX>8</posX>
      <posY>5</posY>
      <modelId>1328102903522.1</modelId>
    </mapObject>
    <mapObject>
      <posX>8</posX>
      <posY>6</posY>
      <modelId>1328102903522.1</modelId>
    </mapObject>
    <mapObject>
      <posX>8</posX>
      <posY>9</posY>
      <modelId>1328102903522.1</modelId>
    </mapObject>
    <mapObject>
      <posX>8</posX>
      <posY>10</posY>
      <modelId>1328102903522.1</modelId>
    </mapObject>
    <mapObject>
      <posX>8</posX>
      <posY>11</posY>
      <modelId>1328102903522.1</modelId>
    </mapObject>
    <mapObject>
      <posX>7</posX>
      <posY>5</posY>
      <modelId>1328102903522.1</modelId>
    </mapObject>
    <mapObject>
      <posX>7</posX>
      <posY>8</posY>
      <modelId>1328102903522.1</modelId>
    </mapObject>
    <mapObject>
      <posX>7</posX>
      <posY>9</posY>
      <modelId>1328102903522.1</modelId>
    </mapObject>
    <mapObject>
      <posX>7</posX>
      <posY>10</posY>
      <modelId>1328102903522.1</modelId>
    </mapObject>
    <mapObject>
      <posX>7</posX>
      <posY>11</posY>
      <modelId>1328102903522.1</modelId>
    </mapObject>
    <mapObject>
      <posX>9</posX>
      <posY>2</posY>
      <modelId>1328102903522.1</modelId>
    </mapObject>
    <mapObject>
      <posX>9</posX>
      <posY>3</posY>
      <modelId>1328102903522.1</modelId>
    </mapObject>
    <mapObject>
      <posX>9</posX>
      <posY>4</posY>
      <modelId>1328102903522.1</modelId>
    </mapObject>
    <mapObject>
      <posX>9</posX>
      <posY>7</posY>
      <modelId>1328102903522.1</modelId>
    </mapObject>
    <mapObject>
      <posX>9</posX>
      <posY>6</posY>
      <modelId>1328102903522.1</modelId>
    </mapObject>
    <mapObject>
      <posX>9</posX>
      <posY>9</posY>
      <modelId>1328102903522.1</modelId>
    </mapObject>
    <mapObject>
      <posX>9</posX>
      <posY>10</posY>
      <modelId>1328102903522.1</modelId>
    </mapObject>
    <mapObject>
      <posX>9</posX>
      <posY>11</posY>
      <modelId>1328102903522.1</modelId>
    </mapObject>
    <mapObject>
      <posX>8</posX>
      <posY>3</posY>
      <modelId>1328102903522.1</modelId>
    </mapObject>
    <mapObject>
      <posX>7</posX>
      <posY>7</posY>
      <modelId>1328102903522.1</modelId>
    </mapObject>
    <mapObject>
      <posX>7</posX>
      <posY>6</posY>
      <modelId>1328102903522.1</modelId>
    </mapObject>
    <mapObject>
      <posX>9</posX>
      <posY>5</posY>
      <modelId>1328102903522.1</modelId>
    </mapObject>
    <mapObject>
      <posX>8</posX>
      <posY>7</posY>
      <modelId>1328102903522.1</modelId>
    </mapObject>
    <mapObject>
      <posX>8</posX>
      <posY>8</posY>
      <modelId>1328102903522.1</modelId>
    </mapObject>
    <mapObject>
      <posX>9</posX>
      <posY>8</posY>
      <modelId>1328102903522.1</modelId>
    </mapObject>
    <mapObject>
      <posX>6</posX>
      <posY>1</posY>
      <modelId>1328102903522.1</modelId>
    </mapObject>
    <mapObject>
      <posX>10</posX>
      <posY>1</posY>
      <modelId>1328102903522.1</modelId>
    </mapObject>
    <mapObject>
      <posX>6</posX>
      <posY>2</posY>
      <modelId>1328103806551.1</modelId>
    </mapObject>
    <mapObject>
      <posX>6</posX>
      <posY>1</posY>
      <modelId>1328103806551.1</modelId>
    </mapObject>
    <mapObject>
      <posX>10</posX>
      <posY>1</posY>
      <modelId>1328103806551.1</modelId>
    </mapObject>
    <mapObject>
      <posX>10</posX>
      <posY>2</posY>
      <modelId>1328103806551.1</modelId>
    </mapObject>
    <mapObject>
      <posX>10</posX>
      <posY>3</posY>
      <modelId>1328103806551.1</modelId>
    </mapObject>
    <mapObject>
      <posX>10</posX>
      <posY>4</posY>
      <modelId>1328103806551.1</modelId>
    </mapObject>
    <mapObject>
      <posX>10</posX>
      <posY>5</posY>
      <modelId>1328103806551.1</modelId>
    </mapObject>
    <mapObject>
      <posX>10</posX>
      <posY>6</posY>
      <modelId>1328103806551.1</modelId>
    </mapObject>
    <mapObject>
      <posX>10</posX>
      <posY>7</posY>
      <modelId>1328103806551.1</modelId>
    </mapObject>
    <mapObject>
      <posX>10</posX>
      <posY>8</posY>
      <modelId>1328103806551.1</modelId>
    </mapObject>
    <mapObject>
      <posX>10</posX>
      <posY>9</posY>
      <modelId>1328103806551.1</modelId>
    </mapObject>
    <mapObject>
      <posX>10</posX>
      <posY>10</posY>
      <modelId>1328103806551.1</modelId>
    </mapObject>
    <mapObject>
      <posX>10</posX>
      <posY>11</posY>
      <modelId>1328103806551.1</modelId>
    </mapObject>
    <mapObject>
      <posX>6</posX>
      <posY>3</posY>
      <modelId>1328103806551.1</modelId>
    </mapObject>
    <mapObject>
      <posX>6</posX>
      <posY>4</posY>
      <modelId>1328103806551.1</modelId>
    </mapObject>
    <mapObject>
      <posX>6</posX>
      <posY>5</posY>
      <modelId>1328103806551.1</modelId>
    </mapObject>
    <mapObject>
      <posX>6</posX>
      <posY>7</posY>
      <modelId>1328103806551.1</modelId>
    </mapObject>
    <mapObject>
      <posX>6</posX>
      <posY>6</posY>
      <modelId>1328103806551.1</modelId>
    </mapObject>
    <mapObject>
      <posX>6</posX>
      <posY>8</posY>
      <modelId>1328103806551.1</modelId>
    </mapObject>
    <mapObject>
      <posX>6</posX>
      <posY>9</posY>
      <modelId>1328103806551.1</modelId>
    </mapObject>
    <mapObject>
      <posX>6</posX>
      <posY>10</posY>
      <modelId>1328103806551.1</modelId>
    </mapObject>
    <mapObject>
      <posX>6</posX>
      <posY>11</posY>
      <modelId>1328103806551.1</modelId>
    </mapObject>
    <mapObject>
      <posX>7</posX>
      <posY>3</posY>
      <modelId>1328103806551.1</modelId>
    </mapObject>
  </mapObjects>
  <modelList>
    <mapModel>
      <id>1328102866343.1</id>
      <foreground>BLACK</foreground>
      <ch>JM</ch>
      <desc></desc>
      <blocksLineOfSight>false</blocksLineOfSight>
      <blocksLineOfEffect>false</blocksLineOfEffect>
    </mapModel>
    <mapModel>
      <id>1328102874900.1</id>
      <foreground>BLACK</foreground>
      <ch>HM</ch>
      <desc></desc>
      <blocksLineOfSight>false</blocksLineOfSight>
      <blocksLineOfEffect>false</blocksLineOfEffect>
    </mapModel>
    <mapModel>
      <id>1328102880855.1</id>
      <foreground>BLACK</foreground>
      <ch>KN</ch>
      <desc></desc>
      <blocksLineOfSight>false</blocksLineOfSight>
      <blocksLineOfEffect>false</blocksLineOfEffect>
    </mapModel>
    <mapModel>
      <id>1328102885893.1</id>
      <foreground>BLACK</foreground>
      <ch>HB</ch>
      <desc></desc>
      <blocksLineOfSight>false</blocksLineOfSight>
      <blocksLineOfEffect>false</blocksLineOfEffect>
    </mapModel>
    <mapModel>
      <id>1328102903522.1</id>
      <background>GRAY</background>
      <ch></ch>
      <desc></desc>
      <blocksLineOfSight>false</blocksLineOfSight>
      <blocksLineOfEffect>false</blocksLineOfEffect>
    </mapModel>
    <mapModel>
      <id>1328102999781.1</id>
      <foreground>BLACK</foreground>
      <ch>JD</ch>
      <desc></desc>
      <blocksLineOfSight>false</blocksLineOfSight>
      <blocksLineOfEffect>false</blocksLineOfEffect>
    </mapModel>
    <mapModel>
      <id>1328103008742.1</id>
      <foreground>BLACK</foreground>
      <ch>AD</ch>
      <desc></desc>
      <blocksLineOfSight>false</blocksLineOfSight>
      <blocksLineOfEffect>false</blocksLineOfEffect>
    </mapModel>
    <mapModel>
      <id>1328103014616.1</id>
      <foreground>BLACK</foreground>
      <ch>HD</ch>
      <desc></desc>
      <blocksLineOfSight>false</blocksLineOfSight>
      <blocksLineOfEffect>false</blocksLineOfEffect>
    </mapModel>
    <mapModel>
      <id>1328103049423.1</id>
      <foreground>BLACK</foreground>
      <ch>KK</ch>
      <desc></desc>
      <blocksLineOfSight>false</blocksLineOfSight>
      <blocksLineOfEffect>false</blocksLineOfEffect>
    </mapModel>
    <mapModel>
      <id>1328103806551.1</id>
      <foreground>BLACK</foreground>
      <ch>■</ch>
      <desc></desc>
      <blocksLineOfSight>true</blocksLineOfSight>
      <blocksLineOfEffect>false</blocksLineOfEffect>
    </mapModel>
  </modelList>
  <filterList>
    <mapFilter>
      <type>坐标滤镜</type>
      <params></params>
    </mapFilter>
    <mapFilter>
      <type>隐形滤镜</type>
      <params>1328102903522.1</params>
    </mapFilter>
    <mapFilter>
      <type>可视范围滤镜</type>
      <params>HM|9</params>
    </mapFilter>
    <mapFilter>
      <type>可视范围滤镜</type>
      <params>JM|10</params>
    </mapFilter>
    <mapFilter>
      <type>可视范围滤镜</type>
      <params>KN|2</params>
    </mapFilter>
    <mapFilter>
      <type>可视范围滤镜</type>
      <params>JM|5</params>
    </mapFilter>
  </filterList>
</mapGrid>
