<?xml version="1.0" encoding="UTF-8"?>

<mapGrid>
  <width>10</width>
  <height>10</height>
  <mapObjects>
    <mapObject>
      <posX>2</posX>
      <posY>2</posY>
      <modelId>1333088935024.1</modelId>
    </mapObject>
    <mapObject>
      <posX>5</posX>
      <posY>2</posY>
      <modelId>1333088957964.1</modelId>
    </mapObject>
    <mapObject>
      <posX>5</posX>
      <posY>3</posY>
      <modelId>1333088957964.1</modelId>
    </mapObject>
    <mapObject>
      <posX>6</posX>
      <posY>2</posY>
      <modelId>1333088957964.1</modelId>
    </mapObject>
    <mapObject>
      <posX>6</posX>
      <posY>3</posY>
      <modelId>1333088957964.1</modelId>
    </mapObject>
    <mapObject>
      <posX>2</posX>
      <posY>7</posY>
      <modelId>1333088972097.1</modelId>
    </mapObject>
    <mapObject>
      <posX>1</posX>
      <posY>1</posY>
      <modelId>1333090960523.1</modelId>
    </mapObject>
    <mapObject>
      <posX>1</posX>
      <posY>2</posY>
      <modelId>1333090960523.1</modelId>
    </mapObject>
    <mapObject>
      <posX>1</posX>
      <posY>3</posY>
      <modelId>1333090960523.1</modelId>
    </mapObject>
    <mapObject>
      <posX>2</posX>
      <posY>1</posY>
      <modelId>1333090960523.1</modelId>
    </mapObject>
    <mapObject>
      <posX>2</posX>
      <posY>2</posY>
      <modelId>1333090960523.1</modelId>
    </mapObject>
    <mapObject>
      <posX>2</posX>
      <posY>3</posY>
      <modelId>1333090960523.1</modelId>
    </mapObject>
    <mapObject>
      <posX>3</posX>
      <posY>1</posY>
      <modelId>1333090960523.1</modelId>
    </mapObject>
    <mapObject>
      <posX>3</posX>
      <posY>2</posY>
      <modelId>1333090960523.1</modelId>
    </mapObject>
    <mapObject>
      <posX>3</posX>
      <posY>3</posY>
      <modelId>1333090960523.1</modelId>
    </mapObject>
  </mapObjects>
  <modelList>
    <mapModel>
      <id>1333088935024.1</id>
      <foreground>BLACK</foreground>
      <ch>ab</ch>
      <desc>some random monster</desc>
      <blocksLineOfSight>false</blocksLineOfSight>
      <blocksLineOfEffect>false</blocksLineOfEffect>
    </mapModel>
    <mapModel>
      <id>1333088957964.1</id>
      <foreground>ORANGE</foreground>
      <ch>oz</ch>
      <desc>some giant monster</desc>
      <blocksLineOfSight>false</blocksLineOfSight>
      <blocksLineOfEffect>false</blocksLineOfEffect>
    </mapModel>
    <mapModel>
      <id>1333088972097.1</id>
      <foreground>NAVY</foreground>
      <ch>cl</ch>
      <desc>cleric</desc>
      <blocksLineOfSight>false</blocksLineOfSight>
      <blocksLineOfEffect>false</blocksLineOfEffect>
    </mapModel>
    <mapModel>
      <id>1333088984006.1</id>
      <foreground>BLACK</foreground>
      <ch>■</ch>
      <desc>wall</desc>
      <blocksLineOfSight>false</blocksLineOfSight>
      <blocksLineOfEffect>false</blocksLineOfEffect>
    </mapModel>
    <mapModel>
      <id>1333090960523.1</id>
      <background>YELLOW</background>
      <ch></ch>
      <desc></desc>
      <blocksLineOfSight>false</blocksLineOfSight>
      <blocksLineOfEffect>false</blocksLineOfEffect>
    </mapModel>
  </modelList>
  <filterList>
    <mapFilter>
      <type>坐标滤镜</type>
      <params></params>
    </mapFilter>
  </filterList>
</mapGrid>
