<?xml version="1.0" encoding="UTF-8"?>

<mapGrid>
  <width>10</width>
  <height>10</height>
  <mapObjects>
    <mapObject>
      <posX>1</posX>
      <posY>1</posY>
      <modelId>1327759134046.1</modelId>
    </mapObject>
    <mapObject>
      <posX>1</posX>
      <posY>2</posY>
      <modelId>1327759134046.1</modelId>
    </mapObject>
    <mapObject>
      <posX>2</posX>
      <posY>1</posY>
      <modelId>1327759134046.1</modelId>
    </mapObject>
    <mapObject>
      <posX>2</posX>
      <posY>2</posY>
      <modelId>1327759134046.1</modelId>
    </mapObject>
    <mapObject>
      <posX>2</posX>
      <posY>6</posY>
      <modelId>1327759134046.2</modelId>
    </mapObject>
    <mapObject>
      <posX>6</posX>
      <posY>2</posY>
      <modelId>1327759134046.3</modelId>
    </mapObject>
    <mapObject>
      <posX>0</posX>
      <posY>0</posY>
      <modelId>1327759134046.4</modelId>
    </mapObject>
    <mapObject>
      <posX>0</posX>
      <posY>1</posY>
      <modelId>1327759134046.4</modelId>
    </mapObject>
    <mapObject>
      <posX>0</posX>
      <posY>2</posY>
      <modelId>1327759134046.4</modelId>
    </mapObject>
    <mapObject>
      <posX>0</posX>
      <posY>3</posY>
      <modelId>1327759134046.4</modelId>
    </mapObject>
    <mapObject>
      <posX>0</posX>
      <posY>4</posY>
      <modelId>1327759134046.4</modelId>
    </mapObject>
    <mapObject>
      <posX>0</posX>
      <posY>5</posY>
      <modelId>1327759134046.4</modelId>
    </mapObject>
    <mapObject>
      <posX>0</posX>
      <posY>6</posY>
      <modelId>1327759134046.4</modelId>
    </mapObject>
    <mapObject>
      <posX>0</posX>
      <posY>7</posY>
      <modelId>1327759134046.4</modelId>
    </mapObject>
    <mapObject>
      <posX>1</posX>
      <posY>7</posY>
      <modelId>1327759134046.4</modelId>
    </mapObject>
    <mapObject>
      <posX>2</posX>
      <posY>8</posY>
      <modelId>1327759134046.4</modelId>
    </mapObject>
    <mapObject>
      <posX>1</posX>
      <posY>8</posY>
      <modelId>1327759134046.4</modelId>
    </mapObject>
    <mapObject>
      <posX>2</posX>
      <posY>9</posY>
      <modelId>1327759134046.4</modelId>
    </mapObject>
    <mapObject>
      <posX>4</posX>
      <posY>5</posY>
      <modelId>1327759134046.4</modelId>
    </mapObject>
    <mapObject>
      <posX>4</posX>
      <posY>6</posY>
      <modelId>1327759134046.4</modelId>
    </mapObject>
    <mapObject>
      <posX>4</posX>
      <posY>7</posY>
      <modelId>1327759134046.4</modelId>
    </mapObject>
    <mapObject>
      <posX>4</posX>
      <posY>8</posY>
      <modelId>1327759134046.4</modelId>
    </mapObject>
    <mapObject>
      <posX>4</posX>
      <posY>9</posY>
      <modelId>1327759134046.4</modelId>
    </mapObject>
    <mapObject>
      <posX>5</posX>
      <posY>5</posY>
      <modelId>1327759134046.4</modelId>
    </mapObject>
    <mapObject>
      <posX>6</posX>
      <posY>5</posY>
      <modelId>1327759134046.4</modelId>
    </mapObject>
    <mapObject>
      <posX>7</posX>
      <posY>5</posY>
      <modelId>1327759134046.4</modelId>
    </mapObject>
    <mapObject>
      <posX>7</posX>
      <posY>6</posY>
      <modelId>1327759134046.4</modelId>
    </mapObject>
    <mapObject>
      <posX>7</posX>
      <posY>7</posY>
      <modelId>1327759134046.4</modelId>
    </mapObject>
    <mapObject>
      <posX>8</posX>
      <posY>7</posY>
      <modelId>1327759134046.4</modelId>
    </mapObject>
    <mapObject>
      <posX>9</posX>
      <posY>3</posY>
      <modelId>1327759134046.4</modelId>
    </mapObject>
    <mapObject>
      <posX>9</posX>
      <posY>4</posY>
      <modelId>1327759134046.4</modelId>
    </mapObject>
    <mapObject>
      <posX>9</posX>
      <posY>5</posY>
      <modelId>1327759134046.4</modelId>
    </mapObject>
    <mapObject>
      <posX>9</posX>
      <posY>6</posY>
      <modelId>1327759134046.4</modelId>
    </mapObject>
    <mapObject>
      <posX>9</posX>
      <posY>7</posY>
      <modelId>1327759134046.4</modelId>
    </mapObject>
    <mapObject>
      <posX>1</posX>
      <posY>0</posY>
      <modelId>1327759134046.4</modelId>
    </mapObject>
    <mapObject>
      <posX>2</posX>
      <posY>0</posY>
      <modelId>1327759134046.4</modelId>
    </mapObject>
    <mapObject>
      <posX>3</posX>
      <posY>0</posY>
      <modelId>1327759134046.4</modelId>
    </mapObject>
    <mapObject>
      <posX>4</posX>
      <posY>0</posY>
      <modelId>1327759134046.4</modelId>
    </mapObject>
    <mapObject>
      <posX>5</posX>
      <posY>0</posY>
      <modelId>1327759134046.4</modelId>
    </mapObject>
    <mapObject>
      <posX>6</posX>
      <posY>0</posY>
      <modelId>1327759134046.4</modelId>
    </mapObject>
    <mapObject>
      <posX>7</posX>
      <posY>0</posY>
      <modelId>1327759134046.4</modelId>
    </mapObject>
    <mapObject>
      <posX>8</posX>
      <posY>0</posY>
      <modelId>1327759134046.4</modelId>
    </mapObject>
    <mapObject>
      <posX>9</posX>
      <posY>0</posY>
      <modelId>1327759134046.4</modelId>
    </mapObject>
    <mapObject>
      <posX>9</posX>
      <posY>2</posY>
      <modelId>1327759134046.5</modelId>
    </mapObject>
    <mapObject>
      <posX>9</posX>
      <posY>1</posY>
      <modelId>1327759134046.5</modelId>
    </mapObject>
  </mapObjects>
  <modelList>
    <mapModel>
      <id>1327759134046.1</id>
      <foreground>BLACK</foreground>
      <ch>oz</ch>
      <desc>ozoz</desc>
      <blocksLineOfSight>false</blocksLineOfSight>
      <blocksLineOfEffect>false</blocksLineOfEffect>
    </mapModel>
    <mapModel>
      <id>1327759134046.2</id>
      <foreground>BLACK</foreground>
      <ch>牧</ch>
      <desc>JimRaynor</desc>
      <blocksLineOfSight>false</blocksLineOfSight>
      <blocksLineOfEffect>false</blocksLineOfEffect>
    </mapModel>
    <mapModel>
      <id>1327759134046.3</id>
      <foreground>BLACK</foreground>
      <ch>im</ch>
      <desc>imp</desc>
      <blocksLineOfSight>false</blocksLineOfSight>
      <blocksLineOfEffect>false</blocksLineOfEffect>
    </mapModel>
    <mapModel>
      <id>1327759134046.4</id>
      <foreground>BLACK</foreground>
      <ch>■</ch>
      <desc>墙</desc>
      <blocksLineOfSight>true</blocksLineOfSight>
      <blocksLineOfEffect>true</blocksLineOfEffect>
    </mapModel>
    <mapModel>
      <id>1327759134046.5</id>
      <foreground>BLACK</foreground>
      <ch>□</ch>
      <desc>门</desc>
      <blocksLineOfSight>true</blocksLineOfSight>
      <blocksLineOfEffect>true</blocksLineOfEffect>
    </mapModel>
  </modelList>
  <filterList>
    <mapFilter>
      <type>隐形滤镜</type>
      <params>1327759134046.3</params>
    </mapFilter>
    <mapFilter>
      <type>可视范围滤镜</type>
      <params>牧|7</params>
    </mapFilter>
    <mapFilter>
      <type>坐标滤镜</type>
      <params></params>
    </mapFilter>
    <mapFilter>
      <type>截取滤镜</type>
      <params>0,7,0,7</params>
    </mapFilter>
  </filterList>
</mapGrid>
